G:\My Drive\amoy\IFO\python>ifo-grokking-15-strict-20seeds-v2.py
Using device: cpu
Preparing fixed D12 Train/Val split (seed=42)...

Starting 20-Seed Strict Survey (Unified CCC)...
Seed  | Acc@15k | CCC@15k | H1@15k | EmbN@15k | Acc@40k | CCC@40k | H1@40k | EmbN@40k
------------------------------------------------------------------------------------------
1     | 1.0000  | 1.0000  | 0.7608 | 35.72    | 0.9653  | 0.9792  | 1.4224 | 28.22
2     | 0.9653  | 0.9792  | 0.3782 | 36.22    | 0.7919  | 0.8785  | 0.8948 | 30.34
3     | 0.9884  | 0.9931  | 0.6126 | 35.74    | 0.8266  | 0.9045  | 1.3859 | 27.60
4     | 0.9364  | 0.9618  | 0.5330 | 36.48    | 1.0000  | 1.0000  | 1.4816 | 29.69
5     | 0.9884  | 0.9931  | 0.4462 | 36.10    | 0.7341  | 0.8611  | 0.9584 | 31.70
6     | 0.9711  | 0.9844  | 0.4885 | 36.50    | 0.7168  | 0.8368  | 0.9057 | 30.16
7     | 0.9133  | 0.9514  | 0.4249 | 36.57    | 0.8786  | 0.9288  | 0.7228 | 31.77
8     | 0.9422  | 0.9653  | 0.5633 | 36.78    | 0.8613  | 0.9219  | 0.7410 | 32.17
9     | 0.9942  | 0.9965  | 0.7530 | 35.50    | 0.9538  | 0.9722  | 1.0089 | 30.22
10    | 0.9769  | 0.9861  | 0.5115 | 36.90    | 0.9480  | 0.9688  | 0.2978 | 31.98
11    | 0.9711  | 0.9826  | 0.4720 | 36.67    | 0.9133  | 0.9514  | 0.6638 | 32.25
12    | 0.9422  | 0.9670  | 0.4490 | 36.50    | 0.9249  | 0.9549  | 0.9071 | 31.78
13    | 0.9017  | 0.9444  | 0.4746 | 36.81    | 0.9538  | 0.9722  | 0.4848 | 29.93
14    | 0.9191  | 0.9514  | 0.5194 | 36.76    | 0.8671  | 0.9236  | 0.9012 | 32.26
15    | 0.9595  | 0.9757  | 0.4969 | 36.86    | 0.9538  | 0.9722  | 1.0237 | 32.29
16    | 0.9480  | 0.9688  | 0.6297 | 36.15    | 0.8902  | 0.9358  | 0.7109 | 31.68
17    | 0.9827  | 0.9896  | 0.7116 | 35.88    | 0.8324  | 0.9097  | 0.8863 | 32.13
18    | 0.8728  | 0.9340  | 0.5969 | 36.16    | 0.8960  | 0.9375  | 0.9830 | 32.06
19    | 0.9942  | 0.9965  | 0.4986 | 35.58    | 0.9942  | 0.9965  | 0.5960 | 29.56
20    | 0.9653  | 0.9792  | 0.5396 | 36.09    | 0.7919  | 0.8802  | 0.5388 | 30.49

=== SUMMARY STATISTICS ===
Step 15k | Mean Acc: 0.9566 | Mean CCC: 0.9750 | Mean H1: 0.5430
Step 40k | Mean Acc: 0.8847 | Mean CCC: 0.9343 | Mean H1: 0.8757

=== CAUSAL VS GEOMETRIC CORRELATIONS ===
Step 15k | Pearson Corr(ValAcc, CCC): +0.9962  <-- Causal Probe
Step 15k | Pearson Corr(ValAcc, H1) : +0.3009  <-- Geometric Probe
Step 40k | Pearson Corr(ValAcc, CCC): +0.9974
Step 40k | Pearson Corr(ValAcc, H1) : +0.0422