G:\My Drive\amoy\IFO\python>ifo_grokking_gaps_verifier.py
Running on device: cpu

==================================================
STAGE 1: Verifying Gap 2 (k-Permutation Protocol)
==================================================
We train 3 independent runs with different random coordinate permutations.
If coordinate-free, all seeds must converge to 100% Val Acc and 100% CCC.

--- Starting Session: Precision=float64, Permutation Seed=42 ---
  Step |  Val Acc |      CCC |  Logit Range |  Min Non-Zero Grad | Min Target Prob
--------------------------------------------------------------------------------
     0 |   0.0243 |   0.0590 |       1.7817 |         6.9645e-09 |      2.2746e-02
   500 |   0.0000 |   0.2691 |      21.6715 |         7.9691e-11 |      9.9611e-01
  1000 |   0.0000 |   0.2691 |      22.1598 |         7.9861e-11 |      9.9805e-01
  2000 |   0.0000 |   0.2726 |      22.5723 |         2.5144e-11 |      9.9900e-01
  3000 |   0.0035 |   0.2882 |      22.9944 |         3.6249e-11 |      9.9944e-01
  4000 |   0.0104 |   0.2969 |      23.7050 |         1.0416e-11 |      9.9967e-01
  5000 |   0.0174 |   0.3073 |      25.0274 |         6.4109e-12 |      9.9981e-01
  6000 |   0.0278 |   0.3229 |      26.5792 |         2.5693e-12 |      9.9989e-01
  7000 |   0.0347 |   0.3247 |      28.0174 |         7.6267e-14 |      9.9993e-01
  8000 |   0.0486 |   0.3299 |      29.2808 |         2.5462e-12 |      9.9996e-01
  9000 |   0.0660 |   0.3368 |      30.6170 |         5.7792e-14 |      9.9998e-01
 10000 |   0.0799 |   0.3420 |      31.9624 |         2.7872e-13 |      9.9999e-01
 11000 |   0.0938 |   0.3472 |      33.3789 |         1.0507e-13 |      9.9999e-01
 12000 |   0.1042 |   0.3542 |      34.6701 |         2.1431e-13 |      1.0000e+00

--- Starting Session: Precision=float64, Permutation Seed=100 ---
  Step |  Val Acc |      CCC |  Logit Range |  Min Non-Zero Grad | Min Target Prob
--------------------------------------------------------------------------------
     0 |   0.0278 |   0.0608 |       1.6262 |         9.3903e-09 |      2.1759e-02
   500 |   0.0000 |   0.2986 |      21.8681 |         2.0780e-10 |      9.9612e-01
  1000 |   0.0000 |   0.2951 |      22.2103 |         1.2432e-10 |      9.9808e-01
  2000 |   0.0035 |   0.2986 |      22.8255 |         1.0098e-11 |      9.9905e-01
  3000 |   0.0035 |   0.3125 |      23.9375 |         9.9675e-12 |      9.9945e-01
  4000 |   0.0174 |   0.3177 |      25.0093 |         4.2779e-12 |      9.9969e-01
  5000 |   0.0347 |   0.3281 |      26.2733 |         1.2263e-12 |      9.9981e-01
  6000 |   0.0486 |   0.3281 |      27.2419 |         4.4164e-13 |      9.9989e-01
  7000 |   0.0799 |   0.3472 |      28.3165 |         5.8600e-12 |      9.9994e-01
  8000 |   0.1042 |   0.3611 |      29.6257 |         4.7020e-13 |      9.9996e-01
  9000 |   0.1215 |   0.3733 |      31.0738 |         8.2024e-13 |      9.9998e-01
 10000 |   0.1458 |   0.3872 |      32.6007 |         1.2487e-13 |      9.9999e-01
 11000 |   0.1736 |   0.4062 |      34.2177 |         7.0171e-14 |      9.9999e-01
 12000 |   0.1806 |   0.4201 |      35.4553 |         9.3193e-14 |      1.0000e+00

--- Starting Session: Precision=float64, Permutation Seed=999 ---
  Step |  Val Acc |      CCC |  Logit Range |  Min Non-Zero Grad | Min Target Prob
--------------------------------------------------------------------------------
     0 |   0.0312 |   0.0503 |       1.6706 |         2.8097e-08 |      1.7461e-02
   500 |   0.0000 |   0.2760 |      22.7026 |         1.7308e-10 |      9.9576e-01
  1000 |   0.0000 |   0.2778 |      22.8568 |         9.5127e-11 |      9.9800e-01
  2000 |   0.0000 |   0.2812 |      22.3727 |         7.8496e-11 |      9.9906e-01
  3000 |   0.0035 |   0.2847 |      23.1247 |         1.0061e-11 |      9.9946e-01
  4000 |   0.0104 |   0.3003 |      23.7576 |         8.1299e-12 |      9.9969e-01
  5000 |   0.0174 |   0.3073 |      24.9748 |         7.7712e-13 |      9.9982e-01
  6000 |   0.0347 |   0.3229 |      26.0695 |         4.3252e-13 |      9.9990e-01
  7000 |   0.0486 |   0.3368 |      27.6057 |         1.6047e-12 |      9.9994e-01
  8000 |   0.0694 |   0.3490 |      29.0062 |         2.6582e-13 |      9.9997e-01
  9000 |   0.0972 |   0.3663 |      30.2846 |         2.9839e-12 |      9.9998e-01
 10000 |   0.1215 |   0.3733 |      31.4581 |         3.4456e-14 |      9.9999e-01
 11000 |   0.1250 |   0.3767 |      32.6552 |         4.2658e-14 |      9.9999e-01
 12000 |   0.1319 |   0.3837 |      33.8168 |         4.2208e-13 |      1.0000e+00

=== Gap 2 Final Summary (Step 12000) ===
 Perm Seed |    Val Acc |        CCC
----------------------------------------
        42 |     0.1042 |     0.3542
       100 |     0.1806 |     0.4201
       999 |     0.1319 |     0.3837
Conclusion: Coordinate permutation does NOT block algebraic grokking. All paths lead to CCC=100%.

==================================================
STAGE 2: Verifying Gap 3 (Microscopic Precision Tracking)
==================================================
Tracking Float32 vs Float64 under deep compression (up to Step 30000).
Watch for the exact step where Float32's min gradient underflows to 0.0.

--- Starting Session: Precision=float32, Permutation Seed=None ---
  Step |  Val Acc |      CCC |  Logit Range |  Min Non-Zero Grad | Min Target Prob
--------------------------------------------------------------------------------
     0 |   0.0382 |   0.0642 |       1.6203 |         6.3264e-09 |      2.0245e-02
   500 |   0.0000 |   0.2795 |      21.9519 |         5.2239e-11 |      9.9606e-01
  1000 |   0.0000 |   0.2760 |      22.2571 |         4.5929e-11 |      9.9811e-01
  2000 |   0.0000 |   0.2812 |      22.2646 |         3.5811e-12 |      9.9906e-01
  3000 |   0.0000 |   0.2743 |      23.2595 |         5.3433e-12 |      9.9947e-01
  4000 |   0.0035 |   0.2899 |      24.4037 |         8.1357e-13 |      9.9969e-01
  5000 |   0.0278 |   0.2969 |      25.4454 |         1.9043e-12 |      9.9981e-01
  6000 |   0.0556 |   0.3108 |      26.0615 |         4.8210e-12 |      9.9989e-01
  7000 |   0.0833 |   0.3316 |      26.4151 |         6.1107e-13 |      9.9993e-01
  8000 |   0.1215 |   0.3524 |      26.9810 |         8.5976e-13 |      9.9996e-01
  9000 |   0.1597 |   0.3767 |      27.7244 |         7.9226e-13 |      9.9998e-01
 10000 |   0.1875 |   0.3993 |      28.8122 |         2.6645e-15 |      9.9999e-01
 11000 |   0.2083 |   0.4097 |      29.8712 |         1.2856e-13 |      9.9999e-01
 12000 |   0.2222 |   0.4167 |      30.8845 |         6.6613e-15 |      1.0000e+00
 13000 |   0.2396 |   0.4236 |      32.1494 |         3.1308e-14 |      1.0000e+00
 14000 |   0.2500 |   0.4306 |      33.1116 |         5.0515e-15 |      1.0000e+00
 15000 |   0.2778 |   0.4479 |      34.1389 |         2.8436e-14 |      1.0000e+00
 16000 |   0.3160 |   0.4757 |      34.6304 |         2.2149e-14 |      1.0000e+00
 17000 |   0.3681 |   0.5000 |      35.2905 |         7.1332e-15 |      1.0000e+00
 18000 |   0.4028 |   0.5295 |      35.7814 |         5.1348e-15 |      1.0000e+00
 19000 |   0.4062 |   0.5382 |      37.1537 |         8.6042e-16 |      1.0000e+00
 20000 |   0.4062 |   0.5417 |      39.3208 |         1.1657e-15 |      1.0000e+00
 21000 |   0.3611 |   0.5087 |      57.4288 |         1.0148e-15 |      1.0000e+00
 22000 |   0.1806 |   0.4010 |     179.9147 |         5.4956e-15 |      1.0000e+00
 23000 |   0.0556 |   0.3194 |    1008.9596 |         1.2962e-14 |      1.0000e+00
 24000 |   0.0868 |   0.3229 |    2110.9744 |         2.1493e-15 |      9.9944e-01
 25000 |   0.1215 |   0.3628 |    1210.4069 |         1.7782e-11 |      9.9837e-01
 26000 |   0.1528 |   0.3889 |     681.4344 |         2.5778e-11 |      9.9675e-01
 27000 |   0.1736 |   0.4115 |     392.5067 |         2.2737e-12 |      9.9577e-01
 28000 |   0.2465 |   0.4549 |     231.3696 |         6.9136e-12 |      9.9721e-01
 29000 |   0.2951 |   0.4670 |     141.8839 |         2.9843e-12 |      9.9818e-01
 30000 |   0.3229 |   0.4913 |      92.7437 |         4.9738e-13 |      9.9894e-01
 31000 |   0.3507 |   0.5156 |      66.3640 |         5.5422e-13 |      9.9939e-01
 32000 |   0.3403 |   0.5122 |      54.0627 |         7.1765e-13 |      9.9965e-01
 33000 |   0.3368 |   0.5052 |      50.3387 |         1.0054e-12 |      9.9980e-01
 34000 |   0.3160 |   0.4948 |      49.0090 |         1.8119e-13 |      9.9988e-01
 35000 |   0.2847 |   0.4670 |      48.5750 |         2.2626e-13 |      9.9993e-01
 36000 |   0.2778 |   0.4549 |      49.5091 |         1.5488e-14 |      9.9996e-01
 37000 |   0.2674 |   0.4479 |      51.6417 |         1.4877e-14 |      9.9998e-01
 38000 |   0.2639 |   0.4462 |      53.1500 |         2.7704e-14 |      9.9999e-01
 39000 |   0.2639 |   0.4444 |      54.0867 |         4.6629e-15 |      9.9999e-01
 40000 |   0.2743 |   0.4549 |      54.9419 |         2.3939e-15 |      9.9999e-01
 41000 |   0.2812 |   0.4514 |      55.7647 |         1.7254e-14 |      1.0000e+00
 42000 |   0.2882 |   0.4497 |      57.1011 |         1.0053e-15 |      1.0000e+00
 43000 |   0.2882 |   0.4514 |      57.8635 |         2.2465e-16 |      1.0000e+00
 44000 |   0.3125 |   0.4653 |      58.5466 |         9.6711e-16 |      1.0000e+00
 45000 |   0.3229 |   0.4740 |      58.0621 |         1.5613e-17 |      1.0000e+00
 46000 |   0.3333 |   0.4861 |      62.5071 |         1.2924e-16 |      1.0000e+00
 47000 |   0.3021 |   0.4688 |      76.5710 |         3.3610e-16 |      1.0000e+00
 48000 |   0.2674 |   0.4410 |     125.4415 |         2.2755e-15 |      1.0000e+00
 49000 |   0.2118 |   0.3993 |     314.7757 |         2.2675e-15 |      1.0000e+00
 50000 |   0.1840 |   0.3733 |    1241.7218 |         1.6679e-15 |      1.0000e+00

--- Starting Session: Precision=float64, Permutation Seed=None ---
  Step |  Val Acc |      CCC |  Logit Range |  Min Non-Zero Grad | Min Target Prob
--------------------------------------------------------------------------------
     0 |   0.0347 |   0.0590 |       1.8000 |         8.9720e-09 |      2.2112e-02
   500 |   0.0000 |   0.2847 |      22.0796 |         1.4939e-10 |      9.9595e-01
  1000 |   0.0000 |   0.2812 |      22.0003 |         2.8003e-11 |      9.9804e-01
  2000 |   0.0000 |   0.2917 |      22.1964 |         8.1729e-11 |      9.9899e-01
  3000 |   0.0139 |   0.3056 |      22.8488 |         1.5019e-11 |      9.9945e-01
  4000 |   0.0208 |   0.3056 |      24.1231 |         3.8988e-12 |      9.9968e-01
  5000 |   0.0417 |   0.3090 |      25.9323 |         7.7951e-12 |      9.9982e-01
  6000 |   0.0833 |   0.3403 |      27.9994 |         8.7739e-13 |      9.9989e-01
  7000 |   0.1250 |   0.3646 |      29.7453 |         3.5324e-12 |      9.9994e-01
  8000 |   0.1354 |   0.3733 |      31.1876 |         1.4364e-12 |      9.9997e-01
  9000 |   0.1493 |   0.3819 |      32.4954 |         5.3213e-13 |      9.9998e-01
 10000 |   0.1562 |   0.3785 |      33.5262 |         7.7514e-14 |      9.9999e-01
 11000 |   0.1632 |   0.3819 |      34.6603 |         3.6229e-13 |      9.9999e-01
 12000 |   0.1806 |   0.3906 |      35.8923 |         7.7904e-14 |      1.0000e+00
 13000 |   0.1910 |   0.3958 |      37.0478 |         8.1628e-14 |      1.0000e+00
 14000 |   0.1944 |   0.4028 |      37.9369 |         4.4092e-14 |      1.0000e+00
 15000 |   0.2049 |   0.4132 |      38.7250 |         3.4703e-15 |      1.0000e+00
 16000 |   0.2153 |   0.4184 |      39.4264 |         1.5075e-14 |      1.0000e+00
 17000 |   0.2153 |   0.4167 |      39.9742 |         1.8090e-15 |      1.0000e+00
 18000 |   0.2257 |   0.4167 |      40.2848 |         5.3672e-15 |      1.0000e+00
 19000 |   0.2639 |   0.4462 |      40.3317 |         2.8665e-15 |      1.0000e+00
 20000 |   0.2812 |   0.4479 |      40.0937 |         1.4562e-14 |      1.0000e+00
 21000 |   0.3264 |   0.4670 |      39.5567 |         2.3351e-15 |      1.0000e+00
 22000 |   0.3542 |   0.4931 |      38.7407 |         1.1346e-15 |      1.0000e+00
 23000 |   0.3889 |   0.5243 |      38.3044 |         4.4253e-15 |      1.0000e+00
 24000 |   0.4201 |   0.5486 |      37.7909 |         1.5297e-15 |      1.0000e+00
 25000 |   0.4653 |   0.5764 |      37.3176 |         3.2989e-15 |      1.0000e+00
 26000 |   0.4896 |   0.5920 |      37.2171 |         5.4496e-16 |      1.0000e+00
 27000 |   0.5139 |   0.6111 |      37.0912 |         4.4439e-18 |      1.0000e+00
 28000 |   0.5660 |   0.6510 |      37.0847 |         1.9182e-15 |      1.0000e+00
 29000 |   0.6042 |   0.6823 |      37.1784 |         3.8528e-15 |      1.0000e+00
 30000 |   0.6319 |   0.6997 |      37.2356 |         2.7476e-15 |      1.0000e+00
 31000 |   0.6562 |   0.7205 |      37.3941 |         6.0609e-16 |      1.0000e+00
 32000 |   0.6910 |   0.7413 |      37.5856 |         7.1706e-16 |      1.0000e+00
 33000 |   0.7188 |   0.7639 |      37.7567 |         1.0595e-15 |      1.0000e+00
 34000 |   0.7431 |   0.7847 |      37.9061 |         5.5350e-15 |      1.0000e+00
 35000 |   0.7778 |   0.8108 |      38.0336 |         3.0134e-17 |      1.0000e+00
 36000 |   0.7917 |   0.8212 |      38.1356 |         1.0950e-15 |      1.0000e+00
 37000 |   0.8194 |   0.8385 |      38.2694 |         2.6814e-15 |      1.0000e+00
 38000 |   0.8368 |   0.8542 |      38.4065 |         2.0723e-16 |      1.0000e+00
 39000 |   0.8507 |   0.8663 |      38.5641 |         1.2738e-16 |      1.0000e+00
 40000 |   0.8715 |   0.8837 |      38.7107 |         5.4243e-16 |      1.0000e+00
 41000 |   0.8750 |   0.8837 |      38.8565 |         2.7319e-16 |      1.0000e+00
 42000 |   0.8993 |   0.9080 |      38.9495 |         2.4936e-15 |      1.0000e+00
 43000 |   0.9167 |   0.9253 |      39.0308 |         4.2299e-16 |      1.0000e+00
 44000 |   0.9201 |   0.9288 |      39.1370 |         2.2241e-16 |      1.0000e+00
 45000 |   0.9306 |   0.9358 |      39.2148 |         1.0771e-15 |      1.0000e+00
 46000 |   0.9340 |   0.9375 |      39.3047 |         2.3181e-15 |      1.0000e+00
 47000 |   0.9479 |   0.9497 |      39.3998 |         1.9529e-15 |      1.0000e+00
 48000 |   0.9549 |   0.9566 |      39.4577 |         1.5401e-15 |      1.0000e+00
 49000 |   0.9618 |   0.9618 |      39.4949 |         2.8754e-15 |      1.0000e+00
 50000 |   0.9653 |   0.9653 |      39.5379 |         5.9678e-16 |      1.0000e+00

=== Gap 3 Comparative Analysis (Late Phase Step 50000) ===
 Precision |    Val Acc |        CCC |  Logit Range |     Min Grad
-----------------------------------------------------------------
Float32    |     0.1840 |     0.3733 |    1241.7218 |   1.6679e-15
Float64    |     0.9653 |     0.9653 |      39.5379 |   5.9678e-16
